// Vitest Snapshot v1, https://vitest.dev/guide/snapshot.html

exports[`renderDesignMd — snapshots > matches the captured Cursor snapshot 1`] = `
"---
source_url: https://cursor.com
site_name: Cursor
extracted_at: 2026-04-30
theme: light
industry: devtools
tags: []
---

# Cursor

> Warm ivory software studio.

## Colors

| Hex | Name | Role | Group |
| --- | --- | --- | --- |
| \`#f7f7f4\` | Canvas Parchment | Page backgrounds, card backgrounds, neutral button backgrounds — provides a soft, warm foundation. | neutral |
| \`#262510\` | Inkwell | Primary text, strong borders, navigation text — grounds the lighter surfaces with significant contrast. | neutral |
| \`#7a7974\` | Muted Stone | Secondary text, subtle borders, icon fills — a mid-tone gray for less prominent information or structural lines. | neutral |
| \`#141414\` | Deep Shadow | Deepest text variant — for maximum contrast on headlines or critical information. | neutral |
| \`#e6e5e0\` | Pebble Gray | Hover states on neutral buttons, subtle card backgrounds — visually lighter than Canvas Parchment, indicating elevation. | neutral |
| \`#f54e00\` | Onyx Outline | Outlined action button borders and link text — a vibrant orange indicating interactive elements without a solid fill. | accent |
| \`#4ade80\` | Chartreuse Alert | supporting accents, small interactive text snippets — a vivid green for positive or noteworthy cues, often within code examples. | accent |
| \`#c08532\` | Goldenrod Accent | Accent for specific interactive states or icons, often found in button backgrounds for 'Build' actions. | accent |
| \`#34785c\` | Forest Green Action | Specific button backgrounds/borders like 'View PR' — a moderate green for distinct, yet secondary actions. | accent |
| \`#cdcdc9\` | Highlight Beige | Subtle card backgrounds on nested elements, faint border color — a light neutral for separation with low visual weight. | neutral |

## Fonts

- CursorGothic
- berkeleyMono
- Lato
- EB Garamond
- -apple-system

## Do

- Use CursorGothic for all headings and primary UI text, applying precise letter-spacing values (e.g., -0.45px at 72px, -0.08px at 22px).
- Elevate content with the multi-layered shadow token: rgba(0, 0, 0, 0.14) 0px 28px 70px 0px, rgba(0, 0, 0, 0.1) 0px 14px 32px 0px, oklab(0.263084 -0.00230259 0.0124794 / 0.1) 0px 0px 0px 1px.
- Apply Canvas Parchment (#f7f7f4) as the primary background for all major page sections and UI elements.
- Reserve Onyx Outline (#f54e00) exclusively for outlined interactive elements or prominent link text to signal primary action.
- Use 4px border-radius for most general rounded elements like cards and buttons, with 8px radius for more visually distinct components.
- Maintain a compact information density with an 8px element gap between related UI elements.
- Ensure input fields use a transparent background with Muted Stone (#7a7974) for borders, prioritizing readability of the input over strong visual containment.

## Don't

- Do not use solid background colors for primary call-to-action buttons; prefer bordered actions with Onyx Outline (#f54e00).
- Avoid arbitrary shadow values; adhere strictly to the defined multi-layered shadow for all elevated cards and elements.
- Never use purely achromatic grays for primary text or borders; always use Inkwell (#26251e) or Muted Stone (#7a7974).
- Do not introduce new font families or weights beyond CursorGothic (400), Lato (400, 600), and berkeleyMono (400, 500).
- Do not use the vivid accent color Onyx Outline (#f54e00) as a background fill for any component.
- Avoid large, uncontained background images; all visuals should appear within component bounds or as subtle, textural overlays.
- Do not vary letter-spacing for standard body text or inputs; only apply the specified letter-spacing values for CursorGothic headlines.

---

Generated by refero-mcp from https://styles.refero.design/styles/4e3b4717-84c8-4599-baaf-a343c3d619b6 on 2026-04-30
"
`;

exports[`renderDesignMd — snapshots > matches the captured ElevenLabs snapshot 1`] = `
"---
source_url: https://elevenlabs.io
site_name: ElevenLabs
extracted_at: 2026-04-30
theme: light
industry: ai
tags: [achromatic, type-first, custom-serif, pill-buttons, warm-white, editorial, restrained-color, voice-ai, product-ui, high-contrast]
---

# ElevenLabs

> Architect's blueprint on warm vellum — Waldenburg weight-300 headlines at 48px with -0.02em tracking anchored against an eggshell ground, pure black pill buttons as the only punctuation.

## Colors

| Hex | Name | Role | Group |
| --- | --- | --- | --- |
| \`#fdfcfc\` | Eggshell | Page background and primary surface — the near-white warmth distinguishes this from pure #ffffff, landing type with extra weight | neutral |
| \`#f5f3f1\` | Powder | Secondary surface, hover states, subtle section backgrounds | neutral |
| \`#e5e5e5\` | Chalk | All borders, dividers, card outlines, button outlines — the single border color used universally | neutral |
| \`#b1b0b0\` | Fog | Disabled states, placeholder elements, logo grid grayscale treatment | neutral |
| \`#777169\` | Gravel | Secondary body text, nav items, subheadings, captions — warm stone undertone separates it from a cold gray | neutral |
| \`#a59f97\` | Slate | Tertiary text, icon strokes, deemphasized labels | neutral |
| \`#57534\` | Cinder | Mid-tone text, secondary headings on light surfaces | neutral |
| \`#000000\` | Obsidian | Primary text, filled CTA buttons (background), logo mark — the absolute black against eggshell creates 20.5:1 contrast | neutral |
| \`#0447ff\` | Signal Blue | ElevenAgents product dot / brand avatar accent — appears only in small circular UI elements, not in text or buttons | accent |
| \`#ff4704\` | Ember | ElevenCreative product dot / brand avatar accent — small circular UI indicator only | accent |
| \`#3d75d8\` | Voice Spectrum | Logo mark conic gradient — the spinning blue-cyan wheel that is the ElevenLabs logomark | brand |

## Fonts

- Waldenburg
- WaldenburgFH
- Inter
- Geist Mono

## Do

- Use Waldenburg 300 with -0.02em letter-spacing for all headings at 32px and above — never substitute a heavier weight.
- Apply 9999px border-radius to every button and pill tag; use 16-20px for cards and panels; use 0px for bare input fields.
- Keep the entire color palette at near-zero saturation: #000000 text, #fdfcfc background, #e5e5e5 borders, #777169 secondary text. Reserve #ff4704 and #0447ff for product avatar dots only.
- Use the inset shadow rgba(0,0,0,0.075) 0px 0px 0px 0.5px inset on white UI surfaces that sit on eggshell — it replaces border outlines on cards without adding visual weight.
- Use Geist Mono 400 13px only for machine-generated or technical inline annotations (e.g. [whispers], [sarcastic]) and code snippets.
- Render all third-party logos in the social proof grid at #b1b0b0 (Fog) with no hover color change — chromatic logos break the achromatic discipline.
- Size section gaps at 80-120px vertical spacing between major content blocks; use 8-12px for element-level gaps within components.

## Don't

- Never use a weight above 300 for Waldenburg display headlines — weight 700 belongs only to WaldenburgFH product-label contexts at 14px.
- Never introduce saturated color for text, background fills, or buttons — the Signal Blue #0447ff and Ember #ff4704 are reserved exclusively for 8-16px avatar/dot indicators.
- Never apply box-shadow elevation larger than rgba(0,0,0,0.4) 0px 0px 1.143px — ElevenLabs cards float by 1px shadow, not by depth layering.
- Never use a pure white #ffffff background for page surfaces — use #fdfcfc (Eggshell) for all base surfaces to preserve the warm papery ground.
- Never place Inter body text below 13px in product UI contexts or below 14px in marketing prose — the 0.01em tracking needs minimum size to work.
- Never use more than two button variants in the same visual cluster — one filled black pill (primary) + one white ghost pill (secondary) is the maximum combination.
- Never apply border-radius to input fields — inputs use 0px radius, creating an editorial underline-or-box distinction from the rounded interactive elements.

## Tags

\`achromatic\` · \`type-first\` · \`custom-serif\` · \`pill-buttons\` · \`warm-white\` · \`editorial\` · \`restrained-color\` · \`voice-ai\` · \`product-ui\` · \`high-contrast\`

---

Generated by refero-mcp from https://styles.refero.design/styles/031056ff-7af1-46db-8daa-115f731c5d26 on 2026-04-30
"
`;
